{
    "TUNNEL_DECAP_TABLE:IPINIP_TUNNEL": {
        "dscp_mode": "uniform",
        "ecn_mode": "copy_from_outer",
        "ttl_mode": "pipe",
        "tunnel_type": "IPINIP"
    },
    "TUNNEL_DECAP_TABLE:IPINIP_V6_TUNNEL": {
        "dscp_mode": "uniform",
        "ecn_mode": "copy_from_outer",
        "ttl_mode": "pipe",
        "tunnel_type": "IPINIP"
    },
    "TUNNEL_DECAP_TABLE:MuxTunnel0": {
        "dscp_mode": "uniform",
        "ecn_mode": "copy_from_outer",
        "encap_ecn_mode": "standard",
        "ttl_mode": "pipe",
        "tunnel_type": "IPINIP"
    },
    "TUNNEL_DECAP_TERM_TABLE:IPINIP_TUNNEL:10.0.0.56": {
        "term_type": "P2MP"
    },
    "TUNNEL_DECAP_TERM_TABLE:IPINIP_TUNNEL:10.0.0.58": {
        "term_type": "P2MP"
    },
    "TUNNEL_DECAP_TERM_TABLE:IPINIP_TUNNEL:10.0.0.60": {
        "term_type": "P2MP"
    },
    "TUNNEL_DECAP_TERM_TABLE:IPINIP_TUNNEL:10.0.0.62": {
        "term_type": "P2MP"
    },
    "TUNNEL_DECAP_TERM_TABLE:IPINIP_TUNNEL:10.1.0.32": {
        "term_type": "P2MP"
    },
    "TUNNEL_DECAP_TERM_TABLE:IPINIP_TUNNEL:192.168.0.1": {
        "term_type": "P2MP"
    },
    "TUNNEL_DECAP_TERM_TABLE:IPINIP_V6_TUNNEL:fc00:1::32": {
        "term_type": "P2MP"
    },
    "TUNNEL_DECAP_TERM_TABLE:IPINIP_V6_TUNNEL:fc00::71": {
        "term_type": "P2MP"
    },
    "TUNNEL_DECAP_TERM_TABLE:IPINIP_V6_TUNNEL:fc00::75": {
        "term_type": "P2MP"
    },
    "TUNNEL_DECAP_TERM_TABLE:IPINIP_V6_TUNNEL:fc00::79": {
        "term_type": "P2MP"
    },
    "TUNNEL_DECAP_TERM_TABLE:IPINIP_V6_TUNNEL:fc00::7d": {
        "term_type": "P2MP"
    },
    "TUNNEL_DECAP_TERM_TABLE:IPINIP_V6_TUNNEL:fc02:1000::1": {
        "term_type": "P2MP"
    },
    "TUNNEL_DECAP_TERM_TABLE:MuxTunnel0:10.1.0.32": {
        "term_type": "P2P",
        "src_ip": "10.1.0.33"
    }
}
